[wicysrit.wordpress.com/index.html]
[backblue.gif]
[fade.gif]
[index.html]
[wicysrit.wordpress.com/wp-content/plugins/custom-fonts/js/webfont.js]
[wicysrit.wordpress.com/wp-content/plugins/gutenberg-core/v22.5.3/build/styles/block-library/style.min460f.css]
[wicysrit.wordpress.com/feed/index.html]
[wicysrit.wordpress.com/wp-content/plugins/gutenberg-core/v22.5.3/build/styles/block-library/gallery/style.min460f.css]
[wicysrit.wordpress.com/wp-content/plugins/gutenberg-blocks/jetpack-layout-grid/style5afa.css]
[wicysrit.wordpress.com/wp-content/themes/pub/varia/printa65f.css]
[wicysrit.wordpress.com/wp-content/themes/pub/exford/stylea65f.css]
[wicysrit.wordpress.com/comments/feed/index.html]
[wicysrit.wordpress.com/_static/indexa011.html]
[wicysrit.wordpress.com/xmlrpc0db0.php]
[wicysrit.wordpress.com/_static/index2769.html]
[wicysrit.wordpress.com/osd.xml]
[wicysrit.wordpress.com/_static/indexdeca.html]
[wicysrit.wordpress.com/wp-content/uploads/2022/01/cropped-favicon-wicys76ca.png]
[wicysrit.wordpress.com/wp-content/uploads/2022/01/cropped-favicon-wicys9939.png]
[wicysrit.wordpress.com/wp-content/uploads/2022/01/cropped-favicon-wicysad83.png]
[wicysrit.wordpress.com/_static/indexc875.html]
[wicysrit.wordpress.com/wp-content/uploads/2025/09/applepicking2024group.jpg]
[wicysrit.wordpress.com/_static/index4a28.html]
[wicysrit.wordpress.com/wp-content/uploads/2025/09/escaperoomphotofromconf2025.jpg]
[wicysrit.wordpress.com/wp-content/uploads/2025/09/iceskatingphoto-1.jpg]
[wicysrit.wordpress.com/about-us/index.html]
[wicysrit.wordpress.com/wp-content/uploads/2025/09/img_5215-1.jpg]
[wicysrit.wordpress.com/e-board/index.html]
[wicysrit.wordpress.com/schedule/index.html]
[wicysrit.wordpress.com/wp-content/uploads/2025/09/keynotephoto.jpg]
[wicysrit.wordpress.com/research/index.html]
[wicysrit.wordpress.com/sponsor-us/index.html]
[wicysrit.wordpress.com/wp-content/uploads/2025/09/applepickinggroupphoto.jpg]
[wicysrit.wordpress.com/wp-content/uploads/2022/01/external-content.duckduckgo.com_-1d6d1.png]
[wicysrit.wordpress.com/wp-content/uploads/2022/01/wic-logob940.png]
[wicysrit.wordpress.com/wp-content/uploads/2021/09/rit_rgb_hor95fc.png]
[wicysrit.wordpress.com/wp-content/mu-plugins/gravatar-hovercards/wpgrohoe8bd.js]
[wicysrit.wordpress.com/GET]
[wicysrit.wordpress.com/wp-content/uploads/2022/01/cropped-favicon-wicysae05.png]
[wicysrit.wordpress.com/wp-content/mu-plugins/actionbar/actionbar3d0f.css]
[wicysrit.wordpress.com/wp-content/mu-plugins/actionbar/actionbarb20e.js]
[wicysrit.wordpress.com/_static/index81e0.html]
[s1.wp.com/wp-content/plugins/gutenberg-core/v22.5.3/build/scripts/dom-ready/index.min6b20.js]
[wicysrit.wordpress.com/wp-includes/js/dist/vendor/wp-polyfill.min6350.js]
[wicysrit.wordpress.com/wp-content/mu-plugins/jetpack-plugin/sun/_inc/blocks/tiled-gallery/viewe873.js]
[stats.wp.com/wa3f3.js]
[wicysrit.wordpress.com/_static/index57b6.html]
[pixel.wp.com/b0b80.gif]
[wicysrit.wordpress.com/index.html]
[wicysrit.wordpress.com/wp-content/js/bilmur.minf094.js]
[wicysrit.wordpress.com/wp-content/blog-plugins/marketing-bar/images/wpcom-mark.svg]
[wicysrit.wordpress.com/wp-content/blog-plugins/marketing-bar/images/jp-app.svg]
[wicysrit.wordpress.com/_static/indexa011.html]
[wicysrit.wordpress.com/wp-content/plugins/gutenberg-core/v22.5.3/build/styles/block-library/style.min460f.css]
[wicysrit.wordpress.com/wp-content/plugins/gutenberg-core/v22.5.3/build/styles/block-library/gallery/style.min460f.css]
[wicysrit.wordpress.com/wp-content/plugins/gutenberg-blocks/jetpack-layout-grid/style5afa.css]
[wicysrit.wordpress.com/wp-content/plugins/coblocks/2.18.1-simple-rev.4/dist/images/social/twitter.svg]
[wicysrit.wordpress.com/i/noticons/Noticonsd41d.eot]
[wicysrit.wordpress.com/i/noticons/Noticons.ttf]
[wicysrit.wordpress.com/_static/index2769.html]
[wicysrit.wordpress.com/wp-content/themes/pub/varia/printa65f.css]
[wicysrit.wordpress.com/_static/indexdeca.html]
[wicysrit.wordpress.com/wp-content/themes/pub/exford/stylea65f.css]
[wicysrit.wordpress.com/wp-content/themes/h4/globalf753.css]
[wicysrit.wordpress.com/_static/index4a28.html]
[wicysrit.wordpress.com/i/noticons/Noticons.svg]
[wicysrit.wordpress.com/wp-content/uploads/2025/09/img_5215-10353.jpg]
[wicysrit.wordpress.com/about-us/GET]
[wicysrit.wordpress.com/about-us/index.html]
[wicysrit.wordpress.com/_static/indexc2d7.html]
[wicysrit.wordpress.com/wp-content/uploads/2025/09/ok0353.jpg]
[wicysrit.wordpress.com/wp-content/uploads/2025/09/f897337f-d24f-4ace-bf1c-c8a137de1604_1_201_a0353.jpg]
[wicysrit.wordpress.com/wp-content/uploads/2025/09/image-20353.png]
[wicysrit.wordpress.com/wp-content/uploads/2025/09/nush.png]
[wicysrit.wordpress.com/wp-content/uploads/2025/09/image-30353.png]
[wicysrit.wordpress.com/wp-content/uploads/2025/09/ok1.jpg]
[wicysrit.wordpress.com/wp-content/uploads/2025/09/ok1-1.jpg]
[wicysrit.wordpress.com/wp-content/uploads/2021/09/1536149824440bf83.jpg]
[wicysrit.wordpress.com/e-board/GET]
[wicysrit.wordpress.com/e-board/index.html]
[wicysrit.wordpress.com/_static/index50d2.html]
[wicysrit.wordpress.com/wp-content/uploads/2026/01/spring_2026_general_meeting_schedule0353.png]
[wicysrit.wordpress.com/schedule/GET]
[wicysrit.wordpress.com/schedule/index.html]
[wicysrit.wordpress.com/wp-content/uploads/2023/09/week-2_-welcome.pptx-1.pdf]
[wicysrit.wordpress.com/wp-content/uploads/2023/09/week-3_-being-a-part-of-wicys.pptx.pdf]
[wicysrit.wordpress.com/wp-content/uploads/2023/09/importance-of-a-womans-voice.pdf]
[wicysrit.wordpress.com/wp-content/uploads/2023/02/week_1_semester_goals.pptx.pdf]
[wicysrit.wordpress.com/wp-content/uploads/2023/02/week_2__intro_to_red_team.pptx.pdf]
[wicysrit.wordpress.com/wp-content/uploads/2023/02/week_3_maximizing_your_college_experience.pptx.pdf]
[wicysrit.wordpress.com/wp-content/uploads/2023/02/week_4__kubing_around.pptx.pdf]
[wicysrit.wordpress.com/wp-content/uploads/2023/03/week-5_-soc-talk.pptx.pdf]
[wicysrit.wordpress.com/wp-content/uploads/2023/03/week-9_-preparing-for-interviews.pptx.pdf]
[wicysrit.wordpress.com/wp-content/uploads/2023/03/week-10_-making-the-most-of-your-co-op.pptx.pdf]
[wicysrit.wordpress.com/research/GET.43.delayed]
[wicysrit.wordpress.com/research/index.html]
[wicysrit.wordpress.com/_static/index6bc3.html]
[wicysrit.wordpress.com/wp-content/uploads/2023/08/wicys-logo4742.png]
[wicysrit.wordpress.com/wp-content/uploads/2025/09/lm-logo-blue2dff.png]
[wicysrit.wordpress.com/sponsor-us/GET]
[wicysrit.wordpress.com/sponsor-us/index.html]
[wicysrit.wordpress.com/GET.html]
[wicysrit.wordpress.com/wp-content/mu-plugins/actionbar/actionbar3d0f.css]
[wicysrit.wordpress.com/wp-content/blog-plugins/marketing-bar/images/wpcom-mark.svg]
[wicysrit.wordpress.com/wp-content/blog-plugins/marketing-bar/images/jp-app.svg]
[wicysrit.wordpress.com/wp-content/blog-plugins/marketing-bar/images/arrow.svg]
[wicysrit.wordpress.com/wp-content/plugins/coblocks/2.18.1-simple-rev.4/dist/images/lightbox/arrow-left.svg]
[wicysrit.wordpress.com/wp-content/plugins/coblocks/2.18.1-simple-rev.4/dist/images/lightbox/arrow-right.svg]
[wicysrit.wordpress.com/wp-content/plugins/coblocks/2.18.1-simple-rev.4/dist/images/lightbox/close.svg]
[wicysrit.wordpress.com/wp-content/plugins/coblocks/2.18.1-simple-rev.4/dist/images/social/twitter.svg]
[wicysrit.wordpress.com/i/noticons/Noticons.svg]
[wicysrit.wordpress.com/about-us/GET.html]
[wicysrit.wordpress.com/wp-content/uploads/2025/09/img_52660353.html]
[wicysrit.wordpress.com/e-board/GET.html]
[wicysrit.wordpress.com/schedule/GET.html]
[wicysrit.wordpress.com/research/GET.html]
[wicysrit.wordpress.com/sponsor-us/GET.html]
[0.gravatar.com/js/hovercards/hovercards.min75c1.js]
